// Jest Snapshot v1, https://goo.gl/fbAQLP

exports[`AudioPlayer renders correctly 1`] = `
Array [
  <button
    className="track__button track__button--play"
    disabled={true}
    style={
      Object {
        "outline": "none",
      }
    }
    type="button"
  />,
  <div
    className="track__status"
  >
    <audio />
  </div>,
]
`;
